%!Adobe-FontList 1.20
%Locale:0x409

%BeginFont
Handler:DirectoryHandler
FontType:TrueType
FontName:Lato-Regular
FamilyName:Lato
StyleName:Regular
FullName:Lato Regular
MenuName:Lato
StyleBits:0
WritingScript:Roman
OutlineFileName:F:\WORK\2018\10_Oct\DTP\W53445 YOSP\Delivery\Our Story Brochure - om Folder\Document fonts\Lato-Regular.ttf
DataFormat:sfntData
hasSVG:no
VariableFontType:NonVariableFont
FileLength:120196
FileModTime:1508265134
WeightClass:400
WidthClass:5
AngleClass:0
NameArray:0,Mac,4,Lato Regular
NameArray:0,Win,1,Lato
%EndFont

%BeginFont
Handler:DirectoryHandler
FontType:TrueType
FontName:Montserrat-Regular
FamilyName:Montserrat
StyleName:Regular
FullName:Montserrat-Regular
MenuName:Montserrat
StyleBits:0
WritingScript:Roman
OutlineFileName:F:\WORK\2018\10_Oct\DTP\W53445 YOSP\Delivery\Our Story Brochure - om Folder\Document fonts\Montserrat-Regular.ttf
DataFormat:sfntData
hasSVG:no
VariableFontType:NonVariableFont
FileLength:29016
FileModTime:1508265134
WeightClass:400
WidthClass:5
AngleClass:0
NameArray:0,Mac,4,Montserrat-Regular
NameArray:0,Win,1,Montserrat
%EndFont

%BeginFont
Handler:DirectoryHandler
FontType:TrueType
FontName:Vrinda
FamilyName:Vrinda
StyleName:Regular
FullName:Vrinda
MenuName:Vrinda
StyleBits:0
WritingScript:Bengali
OutlineFileName:F:\WORK\2018\10_Oct\DTP\W53445 YOSP\Delivery\Our Story Brochure - om Folder\Document fonts\vrinda.ttf
DataFormat:sfntData
hasSVG:no
VariableFontType:NonVariableFont
FileLength:259520
FileModTime:1244663027
WeightClass:400
WidthClass:5
AngleClass:0
NameArray:0,Mac,4,Vrinda
NameArray:0,Win,1,Vrinda
%EndFont

%BeginFont
Handler:DirectoryHandler
FontType:TrueType
FontName:Vrinda-Bold
FamilyName:Vrinda
StyleName:Bold
FullName:Vrinda Bold
MenuName:Vrinda
StyleBits:2
WritingScript:Bengali
OutlineFileName:F:\WORK\2018\10_Oct\DTP\W53445 YOSP\Delivery\Our Story Brochure - om Folder\Document fonts\vrindab.ttf
DataFormat:sfntData
hasSVG:no
VariableFontType:NonVariableFont
FileLength:257672
FileModTime:1244663027
WeightClass:700
WidthClass:5
AngleClass:0
NameArray:0,Mac,4,Vrinda Bold
NameArray:0,Win,1,Vrinda
%EndFont

