%!Adobe-FontList 1.24
%Locale:0x409

%BeginFont
Handler:DirectoryHandler
FontType:Invalid
OutlineFileName:/Users/tbar0012/Documents/Research/indaba/ourstory-resources/field-materials/booklet/en/Document fonts/AdobeFnt21.lst
FileLength:1602
FileModTime:709174671
%EndFont

%BeginFont
Handler:DirectoryHandler
FontType:Invalid
OutlineFileName:/Users/tbar0012/Documents/Research/indaba/ourstory-resources/field-materials/booklet/en/Document fonts/AdobeFnt24.lst
FileLength:1892
FileModTime:727376343
%EndFont

%BeginFont
Handler:DirectoryHandler
FontType:Type1
FontName:BauhausMedium
FamilyName:Bauhaus
StyleName:Medium
MenuName:Bauhaus
StyleBits:0
WeightClass:500
WidthClass:5
AngleClass:0
FullName:BauhausMedium
WritingScript:Roman
OutlineFileName:/Users/tbar0012/Documents/Research/indaba/ourstory-resources/field-materials/booklet/en/Document fonts/Bauhaus Medium.otf
DataFormat:sfntData
UsesStandardEncoding:yes
isCFF:yes
hasSVG:no
hasSBIX:no
hasCOLR:no
VariableFontType:NonVariableFont
FileLength:23176
FileModTime:709174671
NameArray:0,Mac,4,BauhausMedium
NameArray:0,Win,1,Bauhaus
%EndFont

%BeginFont
Handler:DirectoryHandler
FontType:Invalid
OutlineFileName:/Users/tbar0012/Documents/Research/indaba/ourstory-resources/field-materials/booklet/en/Document fonts/Icon
FileModTime:709174671
%EndFont

%BeginFont
Handler:DirectoryHandler
FontType:TrueType
FontName:Montserrat-Regular
FamilyName:Montserrat
StyleName:Regular
MenuName:Montserrat
StyleBits:0
WeightClass:400
WidthClass:5
AngleClass:0
FullName:Montserrat-Regular
WritingScript:Roman
OutlineFileName:/Users/tbar0012/Documents/Research/indaba/ourstory-resources/field-materials/booklet/en/Document fonts/Montserrat-Regular.ttf
DataFormat:sfntData
hasSVG:no
hasSBIX:no
hasCOLR:no
VariableFontType:NonVariableFont
FileLength:29016
FileModTime:709174671
NameArray:0,Mac,4,Montserrat-Regular
NameArray:0,Win,1,Montserrat
%EndFont

